---
source: elab_stlc_error_recovery/src/main.rs
expression: "r\"\""
snapshot_kind: text
---

